[htmldemo.net/mira/mira/index.html]
[backblue.gif]
[fade.gif]
[index.html]
[htmldemo.net/mira/mira/apple-touch-icon.png]
[htmldemo.net/mira/mira/assets/img/favicon.ico]
[htmldemo.net/mira/mira/assets/css/bootstrap.min.css]
[htmldemo.net/mira/mira/assets/css/owl.carousel.min.css]
[htmldemo.net/mira/mira/assets/css/pe-icon-7-stroke.css]
[htmldemo.net/mira/mira/assets/css/font-awesome.min.css]
[htmldemo.net/mira/mira/assets/css/meanmenu.css]
[htmldemo.net/mira/mira/assets/css/shortcodes/shortcode.css]
[htmldemo.net/mira/mira/assets/css/style.css]
[htmldemo.net/mira/mira/assets/css/responsive.css]
[htmldemo.net/mira/mira/assets/js/vendor/modernizr-3.11.7.min.js]
[htmldemo.net/mira/mira/assets/img/logo/logo.png]
[htmldemo.net/mira/mira/index-2.html]
[htmldemo.net/mira/mira/index-3.html]
[htmldemo.net/mira/mira/index-4.html]
[htmldemo.net/mira/mira/index-6.html]
[htmldemo.net/mira/mira/shop.html]
[htmldemo.net/mira/mira/about-us.html]
[htmldemo.net/mira/mira/index-5.html]
[htmldemo.net/mira/mira/cart.html]
[htmldemo.net/mira/mira/register.html]
[htmldemo.net/mira/mira/checkout.html]
[htmldemo.net/mira/mira/wishlist.html]
[htmldemo.net/mira/mira/login.html]
[htmldemo.net/mira/mira/preduct-details.html]
[htmldemo.net/mira/mira/contact-us.html]
[htmldemo.net/mira/mira/blog.html]
[htmldemo.net/mira/mira/blog-style-2.html]
[htmldemo.net/mira/mira/blog-details.html]
[htmldemo.net/mira/mira/assets/img/cart/1.jpg]
[htmldemo.net/mira/mira/assets/img/cart/2.jpg]
[htmldemo.net/mira/mira/assets/img/shop/1.jpg]
[htmldemo.net/mira/mira/assets/img/shop/2.jpg]
[htmldemo.net/mira/mira/assets/img/shop/3.jpg]
[htmldemo.net/mira/mira/assets/img/shop/4.jpg]
[htmldemo.net/mira/mira/assets/img/shop/5.jpg]
[htmldemo.net/mira/mira/assets/img/shop/6.jpg]
[htmldemo.net/mira/mira/assets/img/shop/7.jpg]
[htmldemo.net/mira/mira/assets/img/shop/8.jpg]
[htmldemo.net/mira/mira/assets/img/shop/9.jpg]
[htmldemo.net/mira/mira/assets/img/shop/10.jpg]
[htmldemo.net/mira/mira/assets/img/shop/11.jpg]
[htmldemo.net/mira/mira/assets/img/banner/1.jpg]
[htmldemo.net/mira/mira/assets/img/blog/1.jpg]
[htmldemo.net/mira/mira/assets/img/blog/2.jpg]
[htmldemo.net/mira/mira/assets/img/blog/5.jpg]
[htmldemo.net/mira/mira/assets/img/blog/3.jpg]
[htmldemo.net/mira/mira/assets/js/vendor/jquery-v1.12.4.min.js]
[htmldemo.net/mira/mira/assets/js/popper.js]
[htmldemo.net/mira/mira/assets/js/bootstrap.min.js]
[htmldemo.net/mira/mira/assets/js/jquery.meanmenu.js]
[htmldemo.net/mira/mira/assets/js/isotope.pkgd.min.js]
[htmldemo.net/mira/mira/assets/js/imagesloaded.pkgd.min.js]
[htmldemo.net/mira/mira/assets/js/jquery.counterup.min.js]
[htmldemo.net/mira/mira/assets/js/owl.carousel.min.js]
[htmldemo.net/mira/mira/assets/js/waypoints.min.js]
[htmldemo.net/mira/mira/assets/js/ajax-mail.js]
[htmldemo.net/mira/mira/index.html]
[htmldemo.net/mira/mira/apple-touch-icon.html]
[htmldemo.net/mira/mira/assets/css/bootstrap.min.css]
[htmldemo.net/mira/mira/assets/js/main.js]
[htmldemo.net/mira/mira/assets/js/plugins.js]
[htmldemo.net/mira/mira/assets/css/owl.video.play.png]
[htmldemo.net/mira/mira/assets/css/owl.carousel.min.css]
[htmldemo.net/mira/mira/assets/fonts/Pe-icon-7-strokebb1d.woff]
[htmldemo.net/mira/mira/assets/fonts/Pe-icon-7-stroked41d.eot]
[htmldemo.net/mira/mira/assets/fonts/Pe-icon-7-strokebb1d.eot]
[htmldemo.net/mira/mira/assets/fonts/Pe-icon-7-strokebb1d.ttf]
[htmldemo.net/mira/mira/assets/css/pe-icon-7-stroke.css]
[htmldemo.net/mira/mira/assets/fonts/Pe-icon-7-strokebb1d.svg]
[htmldemo.net/mira/mira/assets/fonts/fontawesome-webfont3e6e.woff2]
[htmldemo.net/mira/mira/assets/fonts/fontawesome-webfont3e6e.eot]
[htmldemo.net/mira/mira/assets/fonts/fontawesome-webfontd41d.eot]
[htmldemo.net/mira/mira/assets/fonts/fontawesome-webfont3e6e.woff]
[htmldemo.net/mira/mira/assets/fonts/fontawesome-webfont3e6e.ttf]
[htmldemo.net/mira/mira/assets/css/font-awesome.min.css]
[htmldemo.net/mira/mira/assets/css/meanmenu.css]
[htmldemo.net/mira/mira/assets/fonts/fontawesome-webfont3e6e.svg]
[htmldemo.net/mira/mira/assets/css/shortcodes/bundle.css]
[htmldemo.net/mira/mira/assets/css/shortcodes/header.css]
[htmldemo.net/mira/mira/assets/css/shortcodes/slider.css]
[htmldemo.net/mira/mira/assets/css/shortcodes/footer.css]
[htmldemo.net/mira/mira/assets/css/shortcodes/shop.css]
[htmldemo.net/mira/mira/assets/css/shortcodes/shortcode.css]
[htmldemo.net/mira/mira/assets/css/style.css]
[htmldemo.net/mira/mira/assets/css/responsive.css]
[htmldemo.net/mira/mira/assets/css/shortcodes/modal.css]
[htmldemo.net/mira/mira/assets/img/bg/1.jpg]
[htmldemo.net/mira/mira/index-2.html]
[htmldemo.net/mira/mira/assets/img/bg/4.jpg]
[htmldemo.net/mira/mira/assets/img/bg/3.jpg]
[htmldemo.net/mira/mira/assets/img/banner/2.jpg]
[htmldemo.net/mira/mira/assets/img/banner/3.jpg]
[htmldemo.net/mira/mira/assets/img/banner/4.jpg]
[htmldemo.net/mira/mira/single-product.html]
[htmldemo.net/mira/mira/index-3.html]
[htmldemo.net/mira/mira/index-4.html]
[htmldemo.net/mira/mira/assets/css/animate-headline.css]
[htmldemo.net/mira/mira/assets/img/brand-logo/1.png]
[htmldemo.net/mira/mira/assets/img/brand-logo/2.png]
[htmldemo.net/mira/mira/assets/img/brand-logo/3.png]
[htmldemo.net/mira/mira/assets/img/brand-logo/4.png]
[htmldemo.net/mira/mira/index-5.html]
[htmldemo.net/mira/mira/index-6.html]
[htmldemo.net/mira/mira/assets/img/blog/4.jpg]
[htmldemo.net/mira/mira/assets/img/team/team-2.jpg]
[htmldemo.net/mira/mira/assets/img/team/team-3.jpg]
[htmldemo.net/mira/mira/assets/img/team/team-4.jpg]
[htmldemo.net/mira/mira/about-us.html]
[htmldemo.net/mira/mira/shop.html]
[htmldemo.net/mira/mira/cart.html]
[htmldemo.net/mira/mira/login.html]
[htmldemo.net/mira/mira/register.html]
[htmldemo.net/mira/mira/checkout.html]
[htmldemo.net/mira/mira/wishlist.html]
[htmldemo.net/mira/mira/assets/img/product/10.jpg]
[htmldemo.net/mira/mira/assets/img/product/11.jpg]
[htmldemo.net/mira/mira/assets/img/product/12.jpg]
[htmldemo.net/mira/mira/assets/img/product/13.jpg]
[htmldemo.net/mira/mira/assets/img/product/14.jpg]
[htmldemo.net/mira/mira/preduct-details.html]
[htmldemo.net/mira/mira/contact-us.html]
[htmldemo.net/mira/mira/assets/img/blog/9.jpg]
[htmldemo.net/mira/mira/assets/img/blog/10.jpg]
[htmldemo.net/mira/mira/assets/img/blog/11.jpg]
[htmldemo.net/mira/mira/assets/img/blog/12.jpg]
[htmldemo.net/mira/mira/blog.html]
[htmldemo.net/mira/mira/assets/img/blog/6.jpg]
[htmldemo.net/mira/mira/assets/img/blog/7.jpg]
[htmldemo.net/mira/mira/assets/img/blog/8.jpg]
[htmldemo.net/mira/mira/blog-style-2.html]
[htmldemo.net/mira/mira/blog-details.html]
[htmldemo.net/mira/mira/assets/css/owl.video.play.html]
[htmldemo.net/mira/mira/assets/fonts/Pe-icon-7-strokebb1d.svg]
[htmldemo.net/mira/mira/assets/fonts/fontawesome-webfont3e6e.svg]
[htmldemo.net/mira/mira/assets/images/bg/1.jpg]
[htmldemo.net/mira/mira/assets/images/bg/2.jpg]
[htmldemo.net/mira/mira/assets/images/bg/3.jpg]
[htmldemo.net/mira/mira/assets/images/bg/4.jpg]
[htmldemo.net/mira/mira/assets/images/bg/5.jpg]
[htmldemo.net/mira/mira/assets/images/bg/6.jpg]
[htmldemo.net/mira/mira/assets/images/bg/7.jpg]
[htmldemo.net/mira/mira/assets/images/bg/8.jpg]
[htmldemo.net/mira/mira/assets/images/bg/9.jpg]
[htmldemo.net/mira/mira/assets/images/bg/10.jpg]
[htmldemo.net/mira/mira/assets/images/pattern/pattern-bg.png]
[htmldemo.net/mira/mira/assets/css/shortcodes/bundle.css]
[htmldemo.net/mira/mira/assets/css/shortcodes/header.css]
[htmldemo.net/mira/mira/assets/css/shortcodes/slider.css]
[htmldemo.net/mira/mira/assets/css/shortcodes/shop.css]
[htmldemo.net/mira/mira/assets/css/shortcodes/footer.css]
[htmldemo.net/mira/mira/assets/css/shortcodes/modal.css]
[htmldemo.net/mira/mira/single-product.html]
[htmldemo.net/mira/mira/assets/css/animate-headline.css]
[htmldemo.net/mira/mira/assets/images/bg/1.html]
[htmldemo.net/mira/mira/assets/images/bg/2.html]
[htmldemo.net/mira/mira/assets/images/bg/3.html]
[htmldemo.net/mira/mira/assets/images/bg/4.html]
[htmldemo.net/mira/mira/assets/images/bg/5.html]
[htmldemo.net/mira/mira/assets/images/bg/6.html]
[htmldemo.net/mira/mira/assets/images/bg/7.html]
[htmldemo.net/mira/mira/assets/images/bg/8.html]
[htmldemo.net/mira/mira/assets/images/bg/9.html]
[htmldemo.net/mira/mira/assets/images/bg/10.html]
[htmldemo.net/mira/mira/assets/images/pattern/pattern-bg.html]
